Gym has been unmaintained since 2022 and does not support NumPy 2.0 amongst other critical functionality.
Please upgrade to Gymnasium, the maintained drop-in replacement of Gym, or contact the authors of your software and request that they upgrade.
See the migration guide at https://gymnasium.farama.org/introduction/migration_guide/ for additional information.
WARNING:tensorflow:OMP_NUM_THREADS is no longer used by the default Keras config. To configure the number of threads, use tf.config.threading APIs.
policy=frozen_cnnv2_ppo condition=maneuver seed=0
/opt/anaconda3/envs/marlssa/lib/python3.10/site-packages/gym/utils/seeding.py:138: DeprecationWarning: [33mWARN: Function `hash_seed(seed, max_bytes)` is marked as deprecated and will be removed in the future. [0m
  deprecation(
/opt/anaconda3/envs/marlssa/lib/python3.10/site-packages/gym/utils/seeding.py:175: DeprecationWarning: [33mWARN: Function `_bigint_from_bytes(bytes)` is marked as deprecated and will be removed in the future. [0m
  deprecation(
/opt/anaconda3/envs/marlssa/lib/python3.10/site-packages/gym/utils/seeding.py:190: DeprecationWarning: [33mWARN: Function `_int_list_from_bigint` is marked as deprecated and will be removed in the future. [0m
  deprecation(
policy=frozen_cnnv2_ppo condition=maneuver seed=1
policy=frozen_cnnv2_ppo condition=maneuver seed=2
policy=frozen_cnnv2_ppo condition=maneuver seed=3
policy=frozen_cnnv2_ppo condition=maneuver seed=4
policy=frozen_cnnv2_ppo condition=maneuver seed=5
policy=frozen_cnnv2_ppo condition=maneuver seed=6
policy=frozen_cnnv2_ppo condition=maneuver seed=7
policy=frozen_cnnv2_ppo condition=maneuver seed=8
policy=frozen_cnnv2_ppo condition=maneuver seed=9
{
  "output": "/Users/onuraytekn977/Desktop/thesis-wiki/experiments/csce723_maneuver_eval/results/residual_traces/frozen_cnnv2_ppo_alongtrack5mps_sigma10_10seeds.p",
  "policy": "frozen_cnnv2_ppo",
  "condition": "maneuver",
  "episodes": 10,
  "training_performed": false,
  "maneuvering_fraction": 0.2,
  "maneuver_plan": {
    "plan_type": "random",
    "maneuvering_fraction": 0.2,
    "magnitude_range_mps": [
      5.0,
      5.0
    ],
    "magnitude_distribution": "log_uniform",
    "direction_distribution": "transverse",
    "burn_time_window_seconds": [
      600.0,
      4800.0
    ],
    "burn_time_distribution": "uniform",
    "plan_seed": 20260823,
    "magnitude_scale": 1.0,
    "burn_duration_seconds": 0.0,
    "burn_model": "impulsive",
    "role": "treatment"
  },
  "measurement_noise": {
    "sigma_km": 10.0,
    "seed": 20260823
  },
  "nis_recorded": true,
  "nis_summary_last_episode": {
    "measurements": 566,
    "expected_mean_under_consistency": 3.0,
    "all": {
      "measurements": 566,
      "mean_nis": 2.532836481082814,
      "median_nis": 1.9408807748214132,
      "fraction_above_chi2_p95": 0.0176678445229682,
      "fraction_above_chi2_p99": 0.0035335689045936395
    },
    "non_maneuvering": {
      "measurements": 434,
      "mean_nis": 2.5772958389307115,
      "median_nis": 1.9139317251044465,
      "fraction_above_chi2_p95": 0.020737327188940093,
      "fraction_above_chi2_p99": 0.004608294930875576
    },
    "maneuvering_before_burn": {
      "measurements": 79,
      "mean_nis": 2.209432338172089,
      "median_nis": 1.8314179753643531,
      "fraction_above_chi2_p95": 0.012658227848101266,
      "fraction_above_chi2_p99": 0.0
    },
    "maneuvering_after_burn": {
      "measurements": 53,
      "mean_nis": 2.6508282921009223,
      "median_nis": 2.236786197870484,
      "fraction_above_chi2_p95": 0.0,
      "fraction_above_chi2_p99": 0.0
    }
  },
  "mean_final_trace_covariance": 0.010649292756358559,
  "maneuvering_rsos": [
    20,
    20,
    20,
    20,
    20,
    20,
    20,
    20,
    20,
    20
  ],
  "reacquired_maneuvering_rsos": [
    15,
    16,
    11,
    17,
    16,
    12,
    15,
    13,
    15,
    13
  ]
}
