Gym has been unmaintained since 2022 and does not support NumPy 2.0 amongst other critical functionality.
Please upgrade to Gymnasium, the maintained drop-in replacement of Gym, or contact the authors of your software and request that they upgrade.
See the migration guide at https://gymnasium.farama.org/introduction/migration_guide/ for additional information.
policy=advanced_greedy condition=maneuver seed=0
/opt/anaconda3/envs/marlssa/lib/python3.10/site-packages/gym/utils/seeding.py:138: DeprecationWarning: [33mWARN: Function `hash_seed(seed, max_bytes)` is marked as deprecated and will be removed in the future. [0m
  deprecation(
/opt/anaconda3/envs/marlssa/lib/python3.10/site-packages/gym/utils/seeding.py:175: DeprecationWarning: [33mWARN: Function `_bigint_from_bytes(bytes)` is marked as deprecated and will be removed in the future. [0m
  deprecation(
/opt/anaconda3/envs/marlssa/lib/python3.10/site-packages/gym/utils/seeding.py:190: DeprecationWarning: [33mWARN: Function `_int_list_from_bigint` is marked as deprecated and will be removed in the future. [0m
  deprecation(
policy=advanced_greedy condition=maneuver seed=1
policy=advanced_greedy condition=maneuver seed=2
policy=advanced_greedy condition=maneuver seed=3
policy=advanced_greedy condition=maneuver seed=4
policy=advanced_greedy condition=maneuver seed=5
policy=advanced_greedy condition=maneuver seed=6
policy=advanced_greedy condition=maneuver seed=7
policy=advanced_greedy condition=maneuver seed=8
policy=advanced_greedy condition=maneuver seed=9
policy=advanced_greedy condition=maneuver seed=10
policy=advanced_greedy condition=maneuver seed=11
policy=advanced_greedy condition=maneuver seed=12
policy=advanced_greedy condition=maneuver seed=13
policy=advanced_greedy condition=maneuver seed=14
policy=advanced_greedy condition=maneuver seed=15
policy=advanced_greedy condition=maneuver seed=16
policy=advanced_greedy condition=maneuver seed=17
policy=advanced_greedy condition=maneuver seed=18
policy=advanced_greedy condition=maneuver seed=19
policy=advanced_greedy condition=maneuver seed=20
policy=advanced_greedy condition=maneuver seed=21
policy=advanced_greedy condition=maneuver seed=22
policy=advanced_greedy condition=maneuver seed=23
policy=advanced_greedy condition=maneuver seed=24
policy=advanced_greedy condition=maneuver seed=25
policy=advanced_greedy condition=maneuver seed=26
policy=advanced_greedy condition=maneuver seed=27
policy=advanced_greedy condition=maneuver seed=28
policy=advanced_greedy condition=maneuver seed=29
policy=advanced_greedy condition=maneuver seed=30
policy=advanced_greedy condition=maneuver seed=31
policy=advanced_greedy condition=maneuver seed=32
policy=advanced_greedy condition=maneuver seed=33
policy=advanced_greedy condition=maneuver seed=34
policy=advanced_greedy condition=maneuver seed=35
policy=advanced_greedy condition=maneuver seed=36
policy=advanced_greedy condition=maneuver seed=37
policy=advanced_greedy condition=maneuver seed=38
policy=advanced_greedy condition=maneuver seed=39
policy=advanced_greedy condition=maneuver seed=40
policy=advanced_greedy condition=maneuver seed=41
policy=advanced_greedy condition=maneuver seed=42
policy=advanced_greedy condition=maneuver seed=43
policy=advanced_greedy condition=maneuver seed=44
policy=advanced_greedy condition=maneuver seed=45
policy=advanced_greedy condition=maneuver seed=46
policy=advanced_greedy condition=maneuver seed=47
policy=advanced_greedy condition=maneuver seed=48
policy=advanced_greedy condition=maneuver seed=49
policy=advanced_greedy condition=maneuver seed=50
policy=advanced_greedy condition=maneuver seed=51
policy=advanced_greedy condition=maneuver seed=52
policy=advanced_greedy condition=maneuver seed=53
policy=advanced_greedy condition=maneuver seed=54
policy=advanced_greedy condition=maneuver seed=55
policy=advanced_greedy condition=maneuver seed=56
policy=advanced_greedy condition=maneuver seed=57
policy=advanced_greedy condition=maneuver seed=58
policy=advanced_greedy condition=maneuver seed=59
policy=advanced_greedy condition=maneuver seed=60
policy=advanced_greedy condition=maneuver seed=61
policy=advanced_greedy condition=maneuver seed=62
policy=advanced_greedy condition=maneuver seed=63
policy=advanced_greedy condition=maneuver seed=64
policy=advanced_greedy condition=maneuver seed=65
policy=advanced_greedy condition=maneuver seed=66
policy=advanced_greedy condition=maneuver seed=67
policy=advanced_greedy condition=maneuver seed=68
policy=advanced_greedy condition=maneuver seed=69
policy=advanced_greedy condition=maneuver seed=70
policy=advanced_greedy condition=maneuver seed=71
policy=advanced_greedy condition=maneuver seed=72
policy=advanced_greedy condition=maneuver seed=73
policy=advanced_greedy condition=maneuver seed=74
policy=advanced_greedy condition=maneuver seed=75
policy=advanced_greedy condition=maneuver seed=76
policy=advanced_greedy condition=maneuver seed=77
policy=advanced_greedy condition=maneuver seed=78
policy=advanced_greedy condition=maneuver seed=79
policy=advanced_greedy condition=maneuver seed=80
policy=advanced_greedy condition=maneuver seed=81
policy=advanced_greedy condition=maneuver seed=82
policy=advanced_greedy condition=maneuver seed=83
policy=advanced_greedy condition=maneuver seed=84
policy=advanced_greedy condition=maneuver seed=85
policy=advanced_greedy condition=maneuver seed=86
policy=advanced_greedy condition=maneuver seed=87
policy=advanced_greedy condition=maneuver seed=88
policy=advanced_greedy condition=maneuver seed=89
policy=advanced_greedy condition=maneuver seed=90
policy=advanced_greedy condition=maneuver seed=91
policy=advanced_greedy condition=maneuver seed=92
policy=advanced_greedy condition=maneuver seed=93
policy=advanced_greedy condition=maneuver seed=94
policy=advanced_greedy condition=maneuver seed=95
policy=advanced_greedy condition=maneuver seed=96
policy=advanced_greedy condition=maneuver seed=97
policy=advanced_greedy condition=maneuver seed=98
policy=advanced_greedy condition=maneuver seed=99
{
  "output": "/Users/onuraytekn977/Desktop/thesis-wiki/experiments/csce723_maneuver_eval/results/noise_maneuver_grid/advanced_greedy_zerodv_sigma00_100seeds.p",
  "policy": "advanced_greedy",
  "condition": "maneuver",
  "episodes": 100,
  "training_performed": false,
  "maneuvering_fraction": 0.2,
  "maneuver_plan": {
    "plan_type": "fixed",
    "maneuvering_fraction": 0.2,
    "delta_v_rtn_mps": [
      0.0,
      0.0,
      0.0
    ],
    "burn_time_seconds": 900.0
  },
  "measurement_noise": {
    "sigma_km": 0.0,
    "seed": 20260823
  },
  "nis_recorded": true,
  "nis_summary_last_episode": {
    "measurements": 1345,
    "expected_mean_under_consistency": 3.0,
    "all": {
      "measurements": 1345,
      "mean_nis": 7.415357928161251e-05,
      "median_nis": 1.2911961187262993e-06,
      "fraction_above_chi2_p95": 0.0,
      "fraction_above_chi2_p99": 0.0
    },
    "non_maneuvering": {
      "measurements": 790,
      "mean_nis": 0.00012293937924417618,
      "median_nis": 1.2896030732747484e-06,
      "fraction_above_chi2_p95": 0.0,
      "fraction_above_chi2_p99": 0.0
    },
    "maneuvering_before_burn": {
      "measurements": 10,
      "mean_nis": 5.2587634280182315e-05,
      "median_nis": 1.821614897145239e-05,
      "fraction_above_chi2_p95": 0.0,
      "fraction_above_chi2_p99": 0.0
    },
    "maneuvering_after_burn": {
      "measurements": 545,
      "mean_nis": 3.832253556087727e-06,
      "median_nis": 1.235403868482165e-06,
      "fraction_above_chi2_p95": 0.0,
      "fraction_above_chi2_p99": 0.0
    }
  },
  "mean_final_trace_covariance": 0.011728033061104995,
  "maneuvering_rsos": [
    20,
    20,
    20,
    20,
    20,
    20,
    20,
    20,
    20,
    20,
    20,
    20,
    20,
    20,
    20,
    20,
    20,
    20,
    20,
    20,
    20,
    20,
    20,
    20,
    20,
    20,
    20,
    20,
    20,
    20,
    20,
    20,
    20,
    20,
    20,
    20,
    20,
    20,
    20,
    20,
    20,
    20,
    20,
    20,
    20,
    20,
    20,
    20,
    20,
    20,
    20,
    20,
    20,
    20,
    20,
    20,
    20,
    20,
    20,
    20,
    20,
    20,
    20,
    20,
    20,
    20,
    20,
    20,
    20,
    20,
    20,
    20,
    20,
    20,
    20,
    20,
    20,
    20,
    20,
    20,
    20,
    20,
    20,
    20,
    20,
    20,
    20,
    20,
    20,
    20,
    20,
    20,
    20,
    20,
    20,
    20,
    20,
    20,
    20,
    20
  ],
  "reacquired_maneuvering_rsos": [
    9,
    9,
    6,
    8,
    8,
    9,
    12,
    7,
    9,
    8,
    7,
    11,
    10,
    11,
    9,
    8,
    15,
    8,
    8,
    9,
    8,
    10,
    11,
    11,
    13,
    8,
    10,
    11,
    9,
    9,
    10,
    5,
    8,
    7,
    9,
    9,
    7,
    6,
    5,
    11,
    6,
    7,
    13,
    7,
    5,
    13,
    9,
    11,
    7,
    11,
    8,
    9,
    9,
    6,
    11,
    9,
    9,
    6,
    10,
    9,
    11,
    5,
    11,
    8,
    12,
    11,
    10,
    12,
    12,
    10,
    7,
    3,
    9,
    8,
    7,
    12,
    9,
    13,
    10,
    9,
    10,
    13,
    8,
    10,
    10,
    12,
    10,
    8,
    9,
    8,
    12,
    10,
    6,
    9,
    9,
    5,
    10,
    9,
    6,
    12
  ]
}
