Gym has been unmaintained since 2022 and does not support NumPy 2.0 amongst other critical functionality.
Please upgrade to Gymnasium, the maintained drop-in replacement of Gym, or contact the authors of your software and request that they upgrade.
See the migration guide at https://gymnasium.farama.org/introduction/migration_guide/ for additional information.
policy=advanced_greedy condition=maneuver seed=0
/opt/anaconda3/envs/marlssa/lib/python3.10/site-packages/gym/utils/seeding.py:138: DeprecationWarning: [33mWARN: Function `hash_seed(seed, max_bytes)` is marked as deprecated and will be removed in the future. [0m
  deprecation(
/opt/anaconda3/envs/marlssa/lib/python3.10/site-packages/gym/utils/seeding.py:175: DeprecationWarning: [33mWARN: Function `_bigint_from_bytes(bytes)` is marked as deprecated and will be removed in the future. [0m
  deprecation(
/opt/anaconda3/envs/marlssa/lib/python3.10/site-packages/gym/utils/seeding.py:190: DeprecationWarning: [33mWARN: Function `_int_list_from_bigint` is marked as deprecated and will be removed in the future. [0m
  deprecation(
policy=advanced_greedy condition=maneuver seed=1
policy=advanced_greedy condition=maneuver seed=2
policy=advanced_greedy condition=maneuver seed=3
policy=advanced_greedy condition=maneuver seed=4
policy=advanced_greedy condition=maneuver seed=5
policy=advanced_greedy condition=maneuver seed=6
policy=advanced_greedy condition=maneuver seed=7
policy=advanced_greedy condition=maneuver seed=8
policy=advanced_greedy condition=maneuver seed=9
policy=advanced_greedy condition=maneuver seed=10
policy=advanced_greedy condition=maneuver seed=11
policy=advanced_greedy condition=maneuver seed=12
policy=advanced_greedy condition=maneuver seed=13
policy=advanced_greedy condition=maneuver seed=14
policy=advanced_greedy condition=maneuver seed=15
policy=advanced_greedy condition=maneuver seed=16
policy=advanced_greedy condition=maneuver seed=17
policy=advanced_greedy condition=maneuver seed=18
policy=advanced_greedy condition=maneuver seed=19
policy=advanced_greedy condition=maneuver seed=20
policy=advanced_greedy condition=maneuver seed=21
policy=advanced_greedy condition=maneuver seed=22
policy=advanced_greedy condition=maneuver seed=23
policy=advanced_greedy condition=maneuver seed=24
policy=advanced_greedy condition=maneuver seed=25
policy=advanced_greedy condition=maneuver seed=26
policy=advanced_greedy condition=maneuver seed=27
policy=advanced_greedy condition=maneuver seed=28
policy=advanced_greedy condition=maneuver seed=29
policy=advanced_greedy condition=maneuver seed=30
policy=advanced_greedy condition=maneuver seed=31
policy=advanced_greedy condition=maneuver seed=32
policy=advanced_greedy condition=maneuver seed=33
policy=advanced_greedy condition=maneuver seed=34
policy=advanced_greedy condition=maneuver seed=35
policy=advanced_greedy condition=maneuver seed=36
policy=advanced_greedy condition=maneuver seed=37
policy=advanced_greedy condition=maneuver seed=38
policy=advanced_greedy condition=maneuver seed=39
policy=advanced_greedy condition=maneuver seed=40
policy=advanced_greedy condition=maneuver seed=41
policy=advanced_greedy condition=maneuver seed=42
policy=advanced_greedy condition=maneuver seed=43
policy=advanced_greedy condition=maneuver seed=44
policy=advanced_greedy condition=maneuver seed=45
policy=advanced_greedy condition=maneuver seed=46
policy=advanced_greedy condition=maneuver seed=47
policy=advanced_greedy condition=maneuver seed=48
policy=advanced_greedy condition=maneuver seed=49
policy=advanced_greedy condition=maneuver seed=50
policy=advanced_greedy condition=maneuver seed=51
policy=advanced_greedy condition=maneuver seed=52
policy=advanced_greedy condition=maneuver seed=53
policy=advanced_greedy condition=maneuver seed=54
policy=advanced_greedy condition=maneuver seed=55
policy=advanced_greedy condition=maneuver seed=56
policy=advanced_greedy condition=maneuver seed=57
policy=advanced_greedy condition=maneuver seed=58
policy=advanced_greedy condition=maneuver seed=59
policy=advanced_greedy condition=maneuver seed=60
policy=advanced_greedy condition=maneuver seed=61
policy=advanced_greedy condition=maneuver seed=62
policy=advanced_greedy condition=maneuver seed=63
policy=advanced_greedy condition=maneuver seed=64
policy=advanced_greedy condition=maneuver seed=65
policy=advanced_greedy condition=maneuver seed=66
policy=advanced_greedy condition=maneuver seed=67
policy=advanced_greedy condition=maneuver seed=68
policy=advanced_greedy condition=maneuver seed=69
policy=advanced_greedy condition=maneuver seed=70
policy=advanced_greedy condition=maneuver seed=71
policy=advanced_greedy condition=maneuver seed=72
policy=advanced_greedy condition=maneuver seed=73
policy=advanced_greedy condition=maneuver seed=74
policy=advanced_greedy condition=maneuver seed=75
policy=advanced_greedy condition=maneuver seed=76
policy=advanced_greedy condition=maneuver seed=77
policy=advanced_greedy condition=maneuver seed=78
policy=advanced_greedy condition=maneuver seed=79
policy=advanced_greedy condition=maneuver seed=80
policy=advanced_greedy condition=maneuver seed=81
policy=advanced_greedy condition=maneuver seed=82
policy=advanced_greedy condition=maneuver seed=83
policy=advanced_greedy condition=maneuver seed=84
policy=advanced_greedy condition=maneuver seed=85
policy=advanced_greedy condition=maneuver seed=86
policy=advanced_greedy condition=maneuver seed=87
policy=advanced_greedy condition=maneuver seed=88
policy=advanced_greedy condition=maneuver seed=89
policy=advanced_greedy condition=maneuver seed=90
policy=advanced_greedy condition=maneuver seed=91
policy=advanced_greedy condition=maneuver seed=92
policy=advanced_greedy condition=maneuver seed=93
policy=advanced_greedy condition=maneuver seed=94
policy=advanced_greedy condition=maneuver seed=95
policy=advanced_greedy condition=maneuver seed=96
policy=advanced_greedy condition=maneuver seed=97
policy=advanced_greedy condition=maneuver seed=98
policy=advanced_greedy condition=maneuver seed=99
{
  "output": "/Users/onuraytekn977/Desktop/thesis-wiki/experiments/csce723_maneuver_eval/results/noise_maneuver_grid/advanced_greedy_transverse_sigma10_100seeds.p",
  "policy": "advanced_greedy",
  "condition": "maneuver",
  "episodes": 100,
  "training_performed": false,
  "maneuvering_fraction": 0.2,
  "maneuver_plan": {
    "plan_type": "random",
    "maneuvering_fraction": 0.2,
    "magnitude_range_mps": [
      1.0,
      100.0
    ],
    "magnitude_distribution": "log_uniform",
    "direction_distribution": "transverse",
    "burn_time_window_seconds": [
      600.0,
      4800.0
    ],
    "burn_time_distribution": "uniform",
    "plan_seed": 20260823,
    "magnitude_scale": 1.0,
    "role": "treatment"
  },
  "measurement_noise": {
    "sigma_km": 10.0,
    "seed": 20260823
  },
  "nis_recorded": true,
  "nis_summary_last_episode": {
    "measurements": 1341,
    "expected_mean_under_consistency": 3.0,
    "all": {
      "measurements": 1341,
      "mean_nis": 2.973409842803956,
      "median_nis": 2.3025677315065556,
      "fraction_above_chi2_p95": 0.048471290082028336,
      "fraction_above_chi2_p99": 0.013422818791946308
    },
    "non_maneuvering": {
      "measurements": 788,
      "mean_nis": 2.782094418586924,
      "median_nis": 2.111883723407768,
      "fraction_above_chi2_p95": 0.03934010152284264,
      "fraction_above_chi2_p99": 0.008883248730964468
    },
    "maneuvering_before_burn": {
      "measurements": 72,
      "mean_nis": 2.4059256514655547,
      "median_nis": 1.7608100194676446,
      "fraction_above_chi2_p95": 0.027777777777777776,
      "fraction_above_chi2_p99": 0.0
    },
    "maneuvering_after_burn": {
      "measurements": 481,
      "mean_nis": 3.371778691160269,
      "median_nis": 2.6774438550964694,
      "fraction_above_chi2_p95": 0.06652806652806653,
      "fraction_above_chi2_p99": 0.02286902286902287
    }
  },
  "mean_final_trace_covariance": 0.011732438287513167,
  "maneuvering_rsos": [
    20,
    20,
    20,
    20,
    20,
    20,
    20,
    20,
    20,
    20,
    20,
    20,
    20,
    20,
    20,
    20,
    20,
    20,
    20,
    20,
    20,
    20,
    20,
    20,
    20,
    20,
    20,
    20,
    20,
    20,
    20,
    20,
    20,
    20,
    20,
    20,
    20,
    20,
    20,
    20,
    20,
    20,
    20,
    20,
    20,
    20,
    20,
    20,
    20,
    20,
    20,
    20,
    20,
    20,
    20,
    20,
    20,
    20,
    20,
    20,
    20,
    20,
    20,
    20,
    20,
    20,
    20,
    20,
    20,
    20,
    20,
    20,
    20,
    20,
    20,
    20,
    20,
    20,
    20,
    20,
    20,
    20,
    20,
    20,
    20,
    20,
    20,
    20,
    20,
    20,
    20,
    20,
    20,
    20,
    20,
    20,
    20,
    20,
    20,
    20
  ],
  "reacquired_maneuvering_rsos": [
    4,
    4,
    4,
    5,
    6,
    6,
    7,
    4,
    6,
    4,
    3,
    8,
    8,
    6,
    7,
    6,
    10,
    5,
    3,
    5,
    4,
    6,
    7,
    10,
    10,
    6,
    7,
    8,
    8,
    3,
    5,
    3,
    4,
    7,
    8,
    8,
    4,
    3,
    4,
    9,
    5,
    1,
    9,
    6,
    3,
    8,
    6,
    8,
    3,
    5,
    5,
    7,
    6,
    5,
    8,
    5,
    3,
    3,
    7,
    4,
    8,
    3,
    6,
    6,
    7,
    6,
    10,
    11,
    7,
    8,
    4,
    3,
    8,
    4,
    6,
    8,
    5,
    9,
    8,
    4,
    9,
    11,
    7,
    4,
    5,
    8,
    9,
    3,
    7,
    4,
    7,
    8,
    4,
    6,
    6,
    3,
    7,
    5,
    4,
    5
  ]
}
