Gym has been unmaintained since 2022 and does not support NumPy 2.0 amongst other critical functionality.
Please upgrade to Gymnasium, the maintained drop-in replacement of Gym, or contact the authors of your software and request that they upgrade.
See the migration guide at https://gymnasium.farama.org/introduction/migration_guide/ for additional information.
WARNING:tensorflow:OMP_NUM_THREADS is no longer used by the default Keras config. To configure the number of threads, use tf.config.threading APIs.
skip completed seed=0
skip completed seed=1
skip completed seed=2
skip completed seed=3
skip completed seed=4
skip completed seed=5
skip completed seed=6
skip completed seed=7
skip completed seed=8
skip completed seed=9
skip completed seed=10
skip completed seed=11
skip completed seed=12
skip completed seed=13
skip completed seed=14
skip completed seed=15
skip completed seed=16
skip completed seed=17
skip completed seed=18
skip completed seed=19
skip completed seed=20
skip completed seed=21
skip completed seed=22
skip completed seed=23
skip completed seed=24
skip completed seed=25
policy=frozen_cnnv2_ppo condition=maneuver seed=26
/opt/anaconda3/envs/marlssa/lib/python3.10/site-packages/gym/utils/seeding.py:138: DeprecationWarning: [33mWARN: Function `hash_seed(seed, max_bytes)` is marked as deprecated and will be removed in the future. [0m
  deprecation(
/opt/anaconda3/envs/marlssa/lib/python3.10/site-packages/gym/utils/seeding.py:175: DeprecationWarning: [33mWARN: Function `_bigint_from_bytes(bytes)` is marked as deprecated and will be removed in the future. [0m
  deprecation(
/opt/anaconda3/envs/marlssa/lib/python3.10/site-packages/gym/utils/seeding.py:190: DeprecationWarning: [33mWARN: Function `_int_list_from_bigint` is marked as deprecated and will be removed in the future. [0m
  deprecation(
policy=frozen_cnnv2_ppo condition=maneuver seed=27
policy=frozen_cnnv2_ppo condition=maneuver seed=28
policy=frozen_cnnv2_ppo condition=maneuver seed=29
policy=frozen_cnnv2_ppo condition=maneuver seed=30
policy=frozen_cnnv2_ppo condition=maneuver seed=31
policy=frozen_cnnv2_ppo condition=maneuver seed=32
policy=frozen_cnnv2_ppo condition=maneuver seed=33
policy=frozen_cnnv2_ppo condition=maneuver seed=34
policy=frozen_cnnv2_ppo condition=maneuver seed=35
policy=frozen_cnnv2_ppo condition=maneuver seed=36
policy=frozen_cnnv2_ppo condition=maneuver seed=37
policy=frozen_cnnv2_ppo condition=maneuver seed=38
policy=frozen_cnnv2_ppo condition=maneuver seed=39
policy=frozen_cnnv2_ppo condition=maneuver seed=40
policy=frozen_cnnv2_ppo condition=maneuver seed=41
policy=frozen_cnnv2_ppo condition=maneuver seed=42
policy=frozen_cnnv2_ppo condition=maneuver seed=43
policy=frozen_cnnv2_ppo condition=maneuver seed=44
policy=frozen_cnnv2_ppo condition=maneuver seed=45
policy=frozen_cnnv2_ppo condition=maneuver seed=46
policy=frozen_cnnv2_ppo condition=maneuver seed=47
policy=frozen_cnnv2_ppo condition=maneuver seed=48
policy=frozen_cnnv2_ppo condition=maneuver seed=49
policy=frozen_cnnv2_ppo condition=maneuver seed=50
policy=frozen_cnnv2_ppo condition=maneuver seed=51
policy=frozen_cnnv2_ppo condition=maneuver seed=52
policy=frozen_cnnv2_ppo condition=maneuver seed=53
policy=frozen_cnnv2_ppo condition=maneuver seed=54
policy=frozen_cnnv2_ppo condition=maneuver seed=55
policy=frozen_cnnv2_ppo condition=maneuver seed=56
policy=frozen_cnnv2_ppo condition=maneuver seed=57
policy=frozen_cnnv2_ppo condition=maneuver seed=58
policy=frozen_cnnv2_ppo condition=maneuver seed=59
policy=frozen_cnnv2_ppo condition=maneuver seed=60
policy=frozen_cnnv2_ppo condition=maneuver seed=61
policy=frozen_cnnv2_ppo condition=maneuver seed=62
policy=frozen_cnnv2_ppo condition=maneuver seed=63
policy=frozen_cnnv2_ppo condition=maneuver seed=64
policy=frozen_cnnv2_ppo condition=maneuver seed=65
policy=frozen_cnnv2_ppo condition=maneuver seed=66
policy=frozen_cnnv2_ppo condition=maneuver seed=67
policy=frozen_cnnv2_ppo condition=maneuver seed=68
policy=frozen_cnnv2_ppo condition=maneuver seed=69
policy=frozen_cnnv2_ppo condition=maneuver seed=70
policy=frozen_cnnv2_ppo condition=maneuver seed=71
policy=frozen_cnnv2_ppo condition=maneuver seed=72
policy=frozen_cnnv2_ppo condition=maneuver seed=73
policy=frozen_cnnv2_ppo condition=maneuver seed=74
policy=frozen_cnnv2_ppo condition=maneuver seed=75
policy=frozen_cnnv2_ppo condition=maneuver seed=76
policy=frozen_cnnv2_ppo condition=maneuver seed=77
policy=frozen_cnnv2_ppo condition=maneuver seed=78
policy=frozen_cnnv2_ppo condition=maneuver seed=79
policy=frozen_cnnv2_ppo condition=maneuver seed=80
policy=frozen_cnnv2_ppo condition=maneuver seed=81
policy=frozen_cnnv2_ppo condition=maneuver seed=82
policy=frozen_cnnv2_ppo condition=maneuver seed=83
policy=frozen_cnnv2_ppo condition=maneuver seed=84
policy=frozen_cnnv2_ppo condition=maneuver seed=85
policy=frozen_cnnv2_ppo condition=maneuver seed=86
policy=frozen_cnnv2_ppo condition=maneuver seed=87
policy=frozen_cnnv2_ppo condition=maneuver seed=88
policy=frozen_cnnv2_ppo condition=maneuver seed=89
policy=frozen_cnnv2_ppo condition=maneuver seed=90
policy=frozen_cnnv2_ppo condition=maneuver seed=91
policy=frozen_cnnv2_ppo condition=maneuver seed=92
policy=frozen_cnnv2_ppo condition=maneuver seed=93
policy=frozen_cnnv2_ppo condition=maneuver seed=94
policy=frozen_cnnv2_ppo condition=maneuver seed=95
policy=frozen_cnnv2_ppo condition=maneuver seed=96
policy=frozen_cnnv2_ppo condition=maneuver seed=97
policy=frozen_cnnv2_ppo condition=maneuver seed=98
policy=frozen_cnnv2_ppo condition=maneuver seed=99
{
  "output": "/Users/onuraytekn977/Desktop/thesis-wiki/experiments/csce723_maneuver_eval/results/noise_maneuver_grid/frozen_cnnv2_ppo_finite1800s_sigma10_100seeds.p",
  "policy": "frozen_cnnv2_ppo",
  "condition": "maneuver",
  "episodes": 100,
  "training_performed": false,
  "maneuvering_fraction": 0.2,
  "maneuver_plan": {
    "plan_type": "random",
    "maneuvering_fraction": 0.2,
    "magnitude_range_mps": [
      1.0,
      100.0
    ],
    "magnitude_distribution": "log_uniform",
    "direction_distribution": "isotropic",
    "burn_time_window_seconds": [
      600.0,
      4800.0
    ],
    "burn_time_distribution": "uniform",
    "plan_seed": 20260823,
    "magnitude_scale": 1.0,
    "burn_duration_seconds": 1800.0,
    "burn_model": "finite",
    "role": "treatment"
  },
  "measurement_noise": {
    "sigma_km": 10.0,
    "seed": 20260823
  },
  "nis_recorded": true,
  "nis_summary_last_episode": {
    "measurements": 527,
    "expected_mean_under_consistency": 3.0,
    "all": {
      "measurements": 527,
      "mean_nis": 2.8943675664393327,
      "median_nis": 1.9690070979492362,
      "fraction_above_chi2_p95": 0.06451612903225806,
      "fraction_above_chi2_p99": 0.020872865275142316
    },
    "non_maneuvering": {
      "measurements": 429,
      "mean_nis": 2.5640804141705975,
      "median_nis": 1.8592326276017273,
      "fraction_above_chi2_p95": 0.053613053613053616,
      "fraction_above_chi2_p99": 0.011655011655011656
    },
    "maneuvering_before_burn": {
      "measurements": 53,
      "mean_nis": 2.382035113981985,
      "median_nis": 2.041188034189612,
      "fraction_above_chi2_p95": 0.0,
      "fraction_above_chi2_p99": 0.0
    },
    "maneuvering_after_burn": {
      "measurements": 45,
      "mean_nis": 6.646518862073256,
      "median_nis": 2.6213238448736966,
      "fraction_above_chi2_p95": 0.24444444444444444,
      "fraction_above_chi2_p99": 0.13333333333333333
    }
  },
  "mean_final_trace_covariance": 0.01059424976280848,
  "maneuvering_rsos": [
    20,
    20,
    20,
    20,
    20,
    20,
    20,
    20,
    20,
    20,
    20,
    20,
    20,
    20,
    20,
    20,
    20,
    20,
    20,
    20,
    20,
    20,
    20,
    20,
    20,
    20,
    20,
    20,
    20,
    20,
    20,
    20,
    20,
    20,
    20,
    20,
    20,
    20,
    20,
    20,
    20,
    20,
    20,
    20,
    20,
    20,
    20,
    20,
    20,
    20,
    20,
    20,
    20,
    20,
    20,
    20,
    20,
    20,
    20,
    20,
    20,
    20,
    20,
    20,
    20,
    20,
    20,
    20,
    20,
    20,
    20,
    20,
    20,
    20,
    20,
    20,
    20,
    20,
    20,
    20,
    20,
    20,
    20,
    20,
    20,
    20,
    20,
    20,
    20,
    20,
    20,
    20,
    20,
    20,
    20,
    20,
    20,
    20,
    20,
    20
  ],
  "reacquired_maneuvering_rsos": [
    15,
    16,
    11,
    17,
    16,
    12,
    15,
    13,
    15,
    13,
    14,
    12,
    17,
    16,
    12,
    16,
    17,
    14,
    13,
    17,
    14,
    13,
    15,
    16,
    16,
    12,
    14,
    17,
    12,
    16,
    16,
    15,
    16,
    16,
    15,
    13,
    13,
    10,
    14,
    15,
    15,
    13,
    15,
    16,
    11,
    13,
    12,
    13,
    14,
    12,
    14,
    15,
    12,
    11,
    16,
    11,
    14,
    8,
    17,
    13,
    16,
    13,
    15,
    12,
    18,
    13,
    15,
    14,
    16,
    15,
    13,
    8,
    14,
    17,
    14,
    16,
    14,
    14,
    15,
    16,
    13,
    17,
    13,
    10,
    17,
    14,
    13,
    14,
    13,
    16,
    15,
    17,
    11,
    9,
    14,
    17,
    12,
    14,
    12,
    18
  ]
}
