Gym has been unmaintained since 2022 and does not support NumPy 2.0 amongst other critical functionality.
Please upgrade to Gymnasium, the maintained drop-in replacement of Gym, or contact the authors of your software and request that they upgrade.
See the migration guide at https://gymnasium.farama.org/introduction/migration_guide/ for additional information.
WARNING:tensorflow:OMP_NUM_THREADS is no longer used by the default Keras config. To configure the number of threads, use tf.config.threading APIs.
policy=frozen_cnnv2_ppo condition=maneuver seed=0
/opt/anaconda3/envs/marlssa/lib/python3.10/site-packages/gym/utils/seeding.py:138: DeprecationWarning: [33mWARN: Function `hash_seed(seed, max_bytes)` is marked as deprecated and will be removed in the future. [0m
  deprecation(
/opt/anaconda3/envs/marlssa/lib/python3.10/site-packages/gym/utils/seeding.py:175: DeprecationWarning: [33mWARN: Function `_bigint_from_bytes(bytes)` is marked as deprecated and will be removed in the future. [0m
  deprecation(
/opt/anaconda3/envs/marlssa/lib/python3.10/site-packages/gym/utils/seeding.py:190: DeprecationWarning: [33mWARN: Function `_int_list_from_bigint` is marked as deprecated and will be removed in the future. [0m
  deprecation(
policy=frozen_cnnv2_ppo condition=maneuver seed=1
policy=frozen_cnnv2_ppo condition=maneuver seed=2
policy=frozen_cnnv2_ppo condition=maneuver seed=3
policy=frozen_cnnv2_ppo condition=maneuver seed=4
policy=frozen_cnnv2_ppo condition=maneuver seed=5
policy=frozen_cnnv2_ppo condition=maneuver seed=6
policy=frozen_cnnv2_ppo condition=maneuver seed=7
policy=frozen_cnnv2_ppo condition=maneuver seed=8
policy=frozen_cnnv2_ppo condition=maneuver seed=9
policy=frozen_cnnv2_ppo condition=maneuver seed=10
policy=frozen_cnnv2_ppo condition=maneuver seed=11
policy=frozen_cnnv2_ppo condition=maneuver seed=12
policy=frozen_cnnv2_ppo condition=maneuver seed=13
policy=frozen_cnnv2_ppo condition=maneuver seed=14
policy=frozen_cnnv2_ppo condition=maneuver seed=15
policy=frozen_cnnv2_ppo condition=maneuver seed=16
policy=frozen_cnnv2_ppo condition=maneuver seed=17
policy=frozen_cnnv2_ppo condition=maneuver seed=18
policy=frozen_cnnv2_ppo condition=maneuver seed=19
policy=frozen_cnnv2_ppo condition=maneuver seed=20
policy=frozen_cnnv2_ppo condition=maneuver seed=21
policy=frozen_cnnv2_ppo condition=maneuver seed=22
policy=frozen_cnnv2_ppo condition=maneuver seed=23
policy=frozen_cnnv2_ppo condition=maneuver seed=24
policy=frozen_cnnv2_ppo condition=maneuver seed=25
policy=frozen_cnnv2_ppo condition=maneuver seed=26
policy=frozen_cnnv2_ppo condition=maneuver seed=27
policy=frozen_cnnv2_ppo condition=maneuver seed=28
policy=frozen_cnnv2_ppo condition=maneuver seed=29
policy=frozen_cnnv2_ppo condition=maneuver seed=30
policy=frozen_cnnv2_ppo condition=maneuver seed=31
policy=frozen_cnnv2_ppo condition=maneuver seed=32
policy=frozen_cnnv2_ppo condition=maneuver seed=33
policy=frozen_cnnv2_ppo condition=maneuver seed=34
policy=frozen_cnnv2_ppo condition=maneuver seed=35
policy=frozen_cnnv2_ppo condition=maneuver seed=36
policy=frozen_cnnv2_ppo condition=maneuver seed=37
policy=frozen_cnnv2_ppo condition=maneuver seed=38
policy=frozen_cnnv2_ppo condition=maneuver seed=39
policy=frozen_cnnv2_ppo condition=maneuver seed=40
policy=frozen_cnnv2_ppo condition=maneuver seed=41
policy=frozen_cnnv2_ppo condition=maneuver seed=42
policy=frozen_cnnv2_ppo condition=maneuver seed=43
policy=frozen_cnnv2_ppo condition=maneuver seed=44
policy=frozen_cnnv2_ppo condition=maneuver seed=45
policy=frozen_cnnv2_ppo condition=maneuver seed=46
policy=frozen_cnnv2_ppo condition=maneuver seed=47
policy=frozen_cnnv2_ppo condition=maneuver seed=48
policy=frozen_cnnv2_ppo condition=maneuver seed=49
policy=frozen_cnnv2_ppo condition=maneuver seed=50
policy=frozen_cnnv2_ppo condition=maneuver seed=51
policy=frozen_cnnv2_ppo condition=maneuver seed=52
policy=frozen_cnnv2_ppo condition=maneuver seed=53
policy=frozen_cnnv2_ppo condition=maneuver seed=54
policy=frozen_cnnv2_ppo condition=maneuver seed=55
policy=frozen_cnnv2_ppo condition=maneuver seed=56
policy=frozen_cnnv2_ppo condition=maneuver seed=57
policy=frozen_cnnv2_ppo condition=maneuver seed=58
policy=frozen_cnnv2_ppo condition=maneuver seed=59
policy=frozen_cnnv2_ppo condition=maneuver seed=60
policy=frozen_cnnv2_ppo condition=maneuver seed=61
policy=frozen_cnnv2_ppo condition=maneuver seed=62
policy=frozen_cnnv2_ppo condition=maneuver seed=63
policy=frozen_cnnv2_ppo condition=maneuver seed=64
policy=frozen_cnnv2_ppo condition=maneuver seed=65
policy=frozen_cnnv2_ppo condition=maneuver seed=66
policy=frozen_cnnv2_ppo condition=maneuver seed=67
policy=frozen_cnnv2_ppo condition=maneuver seed=68
policy=frozen_cnnv2_ppo condition=maneuver seed=69
policy=frozen_cnnv2_ppo condition=maneuver seed=70
policy=frozen_cnnv2_ppo condition=maneuver seed=71
policy=frozen_cnnv2_ppo condition=maneuver seed=72
policy=frozen_cnnv2_ppo condition=maneuver seed=73
policy=frozen_cnnv2_ppo condition=maneuver seed=74
policy=frozen_cnnv2_ppo condition=maneuver seed=75
policy=frozen_cnnv2_ppo condition=maneuver seed=76
policy=frozen_cnnv2_ppo condition=maneuver seed=77
policy=frozen_cnnv2_ppo condition=maneuver seed=78
policy=frozen_cnnv2_ppo condition=maneuver seed=79
policy=frozen_cnnv2_ppo condition=maneuver seed=80
policy=frozen_cnnv2_ppo condition=maneuver seed=81
policy=frozen_cnnv2_ppo condition=maneuver seed=82
policy=frozen_cnnv2_ppo condition=maneuver seed=83
policy=frozen_cnnv2_ppo condition=maneuver seed=84
policy=frozen_cnnv2_ppo condition=maneuver seed=85
policy=frozen_cnnv2_ppo condition=maneuver seed=86
policy=frozen_cnnv2_ppo condition=maneuver seed=87
policy=frozen_cnnv2_ppo condition=maneuver seed=88
policy=frozen_cnnv2_ppo condition=maneuver seed=89
policy=frozen_cnnv2_ppo condition=maneuver seed=90
policy=frozen_cnnv2_ppo condition=maneuver seed=91
policy=frozen_cnnv2_ppo condition=maneuver seed=92
policy=frozen_cnnv2_ppo condition=maneuver seed=93
policy=frozen_cnnv2_ppo condition=maneuver seed=94
policy=frozen_cnnv2_ppo condition=maneuver seed=95
policy=frozen_cnnv2_ppo condition=maneuver seed=96
policy=frozen_cnnv2_ppo condition=maneuver seed=97
policy=frozen_cnnv2_ppo condition=maneuver seed=98
policy=frozen_cnnv2_ppo condition=maneuver seed=99
{
  "output": "/Users/onuraytekn977/Desktop/thesis-wiki/experiments/csce723_maneuver_eval/results/noise_maneuver_grid/frozen_cnnv2_ppo_zerodv_sigma10_100seeds.p",
  "policy": "frozen_cnnv2_ppo",
  "condition": "maneuver",
  "episodes": 100,
  "training_performed": false,
  "maneuvering_fraction": 0.2,
  "maneuver_plan": {
    "plan_type": "fixed",
    "maneuvering_fraction": 0.2,
    "delta_v_rtn_mps": [
      0.0,
      0.0,
      0.0
    ],
    "burn_time_seconds": 900.0
  },
  "measurement_noise": {
    "sigma_km": 10.0,
    "seed": 20260823
  },
  "nis_recorded": true,
  "nis_summary_last_episode": {
    "measurements": 527,
    "expected_mean_under_consistency": 3.0,
    "all": {
      "measurements": 527,
      "mean_nis": 2.537772257766355,
      "median_nis": 1.8809413867826974,
      "fraction_above_chi2_p95": 0.04743833017077799,
      "fraction_above_chi2_p99": 0.009487666034155597
    },
    "non_maneuvering": {
      "measurements": 429,
      "mean_nis": 2.5640804141705975,
      "median_nis": 1.8592326276017273,
      "fraction_above_chi2_p95": 0.053613053613053616,
      "fraction_above_chi2_p99": 0.011655011655011656
    },
    "maneuvering_before_burn": {
      "measurements": 8,
      "mean_nis": 1.9763975267771148,
      "median_nis": 0.8930853973758188,
      "fraction_above_chi2_p95": 0.0,
      "fraction_above_chi2_p99": 0.0
    },
    "maneuvering_after_burn": {
      "measurements": 90,
      "mean_nis": 2.462270021660731,
      "median_nis": 2.033120099225827,
      "fraction_above_chi2_p95": 0.022222222222222223,
      "fraction_above_chi2_p99": 0.0
    }
  },
  "mean_final_trace_covariance": 0.01059374633354716,
  "maneuvering_rsos": [
    20,
    20,
    20,
    20,
    20,
    20,
    20,
    20,
    20,
    20,
    20,
    20,
    20,
    20,
    20,
    20,
    20,
    20,
    20,
    20,
    20,
    20,
    20,
    20,
    20,
    20,
    20,
    20,
    20,
    20,
    20,
    20,
    20,
    20,
    20,
    20,
    20,
    20,
    20,
    20,
    20,
    20,
    20,
    20,
    20,
    20,
    20,
    20,
    20,
    20,
    20,
    20,
    20,
    20,
    20,
    20,
    20,
    20,
    20,
    20,
    20,
    20,
    20,
    20,
    20,
    20,
    20,
    20,
    20,
    20,
    20,
    20,
    20,
    20,
    20,
    20,
    20,
    20,
    20,
    20,
    20,
    20,
    20,
    20,
    20,
    20,
    20,
    20,
    20,
    20,
    20,
    20,
    20,
    20,
    20,
    20,
    20,
    20,
    20,
    20
  ],
  "reacquired_maneuvering_rsos": [
    16,
    18,
    13,
    19,
    16,
    15,
    18,
    16,
    16,
    16,
    15,
    15,
    17,
    17,
    12,
    17,
    18,
    15,
    15,
    18,
    15,
    13,
    15,
    16,
    17,
    13,
    16,
    18,
    14,
    17,
    17,
    16,
    17,
    16,
    16,
    13,
    14,
    11,
    16,
    17,
    17,
    15,
    19,
    17,
    14,
    15,
    14,
    13,
    15,
    16,
    16,
    17,
    14,
    13,
    18,
    13,
    17,
    11,
    19,
    16,
    18,
    15,
    17,
    14,
    20,
    16,
    18,
    16,
    17,
    16,
    14,
    11,
    16,
    17,
    15,
    17,
    16,
    16,
    16,
    17,
    15,
    17,
    16,
    15,
    18,
    17,
    16,
    14,
    14,
    17,
    15,
    18,
    13,
    13,
    15,
    18,
    15,
    17,
    14,
    18
  ]
}
